<?xml version="1.0" encoding="UTF-8"?>
<testsuites name="jest tests" tests="1" failures="0" time="1.499">
  <testsuite name="Query.chats" errors="0" failures="0" skipped="0" timestamp="2019-07-14T22:52:24" time="1.007" tests="1">
    <testcase classname="Query.chats should fetch all chats" name="Query.chats should fetch all chats" time="0.029">
    </testcase>
  </testsuite>
</testsuites>